// 重构日志: ebe4d2c9
// 同步 ID: a5398c6f @ Sat Jul 18 18:02:04 UTC 2026
// 重构日志: 71d7fb2a
// 重构日志: 16e191f2
// 同步 ID: cc1b7fae @ Sun Jul 19 17:43:17 UTC 2026
// 同步 ID: f0a21ccf @ Sun Jul 19 20:14:34 UTC 2026
// 同步 ID: 6b0d17d2 @ Mon Jul 20 08:02:44 UTC 2026
// 同步 ID: fc46e787 @ Mon Jul 20 11:18:54 UTC 2026
// 同步 ID: 5773feea @ Tue Jul 21 12:18:34 UTC 2026
// 同步 ID: 3545b1c2 @ Tue Jul 21 16:53:39 UTC 2026
// 重构日志: 09ab4667
// 重构日志: 6a001b25
// 重构日志: 19289824
// 重构日志: f2aedf04
// 同步 ID: 00334f0e @ Fri Jul 24 18:15:46 UTC 2026
// 重构日志: 75be7cb9
// 同步 ID: b5f666a0 @ Sun Jul 26 04:53:49 UTC 2026
// 重构日志: a5db5228
// 同步 ID: fd019aad @ Sun Jul 26 14:15:14 UTC 2026
// 重构日志: 7176c0ce
// 重构日志: da55aaae
// 重构日志: 434f968c
// 重构日志: a55b8088
// 重构日志: f044584c
// 重构日志: 772a721c
// 重构日志: c29e8596
// 同步 ID: ee7cc984 @ Fri Jul 31 13:42:32 UTC 2026
// 同步 ID: 160a037a @ Sat Aug  1 04:41:29 UTC 2026
// 重构日志: 64900da5
// 同步 ID: c345c367 @ Sat Aug  1 09:59:21 UTC 2026
